["card-frame.png", "--region-a", "20,10,110,85"]
0
{
  "a": {
    "background": "#f3f2f2",
    "box": {
      "left": 10,
      "right": 89,
      "top": 10,
      "bottom": 69,
      "width": 80,
      "height": 60
    },
    "radius": {
      "top_left": 9,
      "top_right": 9,
      "bottom_left": 9,
      "bottom_right": 9
    },
    "fill": {
      "colour": "#ffffff",
      "share": 0.8
    },
    "border": {
      "left": 2,
      "right": 2,
      "top": 2,
      "bottom": 2,
      "colour": "#808080"
    },
    "shadow": {
      "left": {
        "width": 0,
        "peak_delta": 0,
        "approx_opacity": 0.0
      },
      "right": {
        "width": 3,
        "peak_delta": 56.0,
        "approx_opacity": 0.13
      },
      "top": {
        "width": 0,
        "peak_delta": 0,
        "approx_opacity": 0.0
      },
      "bottom": {
        "width": 3,
        "peak_delta": 56.0,
        "approx_opacity": 0.13
      }
    },
    "content": {
      "width": 30,
      "height": 8,
      "colour": "#1e6fe0",
      "ratio": {
        "width": 0.375,
        "height": 0.133
      },
      "padding": {
        "left": 25,
        "top": 25,
        "right": 25,
        "bottom": 27
      }
    },
    "gap": {
      "left": null,
      "right": 20,
      "top": null,
      "bottom": null
    },
    "ink": {
      "left": 10,
      "top": 10,
      "width": 83,
      "height": 63,
      "colour": "#ffffff"
    },
    "runs": {
      "row": [
        {
          "from": 0,
          "to": 9,
          "length": 10,
          "colour": "#f3f2f2"
        },
        {
          "from": 10,
          "to": 11,
          "length": 2,
          "colour": "#808080"
        },
        {
          "from": 12,
          "to": 34,
          "length": 23,
          "colour": "#ffffff"
        },
        {
          "from": 35,
          "to": 64,
          "length": 30,
          "colour": "#1e6fe0"
        },
        {
          "from": 65,
          "to": 87,
          "length": 23,
          "colour": "#ffffff"
        },
        {
          "from": 88,
          "to": 89,
          "length": 2,
          "colour": "#808080"
        },
        {
          "from": 90,
          "to": 90,
          "length": 1,
          "colour": "#d2d2d2"
        },
        {
          "from": 91,
          "to": 91,
          "length": 1,
          "colour": "#dddddd"
        },
        {
          "from": 92,
          "to": 92,
          "length": 1,
          "colour": "#e8e8e8"
        },
        {
          "from": 93,
          "to": 109,
          "length": 17,
          "colour": "#f3f2f2"
        }
      ],
      "col": [
        {
          "from": 0,
          "to": 9,
          "length": 10,
          "colour": "#f3f2f2"
        },
        {
          "from": 10,
          "to": 11,
          "length": 2,
          "colour": "#808080"
        },
        {
          "from": 12,
          "to": 34,
          "length": 23,
          "colour": "#ffffff"
        },
        {
          "from": 35,
          "to": 42,
          "length": 8,
          "colour": "#1e6fe0"
        },
        {
          "from": 43,
          "to": 67,
          "length": 25,
          "colour": "#ffffff"
        },
        {
          "from": 68,
          "to": 69,
          "length": 2,
          "colour": "#808080"
        },
        {
          "from": 70,
          "to": 70,
          "length": 1,
          "colour": "#d2d2d2"
        },
        {
          "from": 71,
          "to": 71,
          "length": 1,
          "colour": "#dddddd"
        },
        {
          "from": 72,
          "to": 72,
          "length": 1,
          "colour": "#e8e8e8"
        },
        {
          "from": 73,
          "to": 84,
          "length": 12,
          "colour": "#f3f2f2"
        }
      ]
    },
    "bands": [
      {
        "top": 10,
        "height": 63,
        "gap_above": 10,
        "edge": "#808080",
        "colour": "#ffffff"
      }
    ],
    "seams": []
  }
}
