["flat.png", "--props", "runs"]
0
{
  "a": {
    "background": "#eae9e9",
    "runs": {
      "row": [
        {
          "from": 0,
          "to": 59,
          "length": 60,
          "colour": "#eae9e9"
        }
      ],
      "col": [
        {
          "from": 0,
          "to": 59,
          "length": 60,
          "colour": "#eae9e9"
        }
      ]
    }
  }
}
