["page-frame.png", "page-capture.png", "--scale", "1", "--props", "bands"]
0
{
  "a": {
    "background": "#f3f2f2",
    "bands": [
      {
        "top": 0,
        "height": 40,
        "gap_above": 0,
        "edge": "#eae9e9",
        "colour": "#eae9e9"
      },
      {
        "top": 92,
        "height": 16,
        "gap_above": 52,
        "edge": "#201e1d",
        "colour": "#201e1d"
      },
      {
        "top": 120,
        "height": 2,
        "gap_above": 12,
        "edge": "#d7d3d3",
        "colour": "#d7d3d3"
      },
      {
        "top": 134,
        "height": 16,
        "gap_above": 12,
        "edge": "#201e1d",
        "colour": "#201e1d"
      },
      {
        "top": 162,
        "height": 2,
        "gap_above": 12,
        "edge": "#d7d3d3",
        "colour": "#d7d3d3"
      },
      {
        "top": 176,
        "height": 16,
        "gap_above": 12,
        "edge": "#201e1d",
        "colour": "#201e1d"
      },
      {
        "top": 204,
        "height": 2,
        "gap_above": 12,
        "edge": "#d7d3d3",
        "colour": "#d7d3d3"
      },
      {
        "top": 246,
        "height": 48,
        "gap_above": 40,
        "edge": "#0088b0",
        "colour": "#0088b0"
      }
    ]
  },
  "b": {
    "background": "#f3f2f2",
    "bands": [
      {
        "top": 86,
        "height": 16,
        "gap_above": 86,
        "edge": "#201e1d",
        "colour": "#201e1d"
      },
      {
        "top": 116,
        "height": 16,
        "gap_above": 14,
        "edge": "#201e1d",
        "colour": "#201e1d"
      },
      {
        "top": 146,
        "height": 16,
        "gap_above": 14,
        "edge": "#201e1d",
        "colour": "#201e1d"
      },
      {
        "top": 210,
        "height": 48,
        "gap_above": 48,
        "edge": "#d7d3d3",
        "colour": "#d7d3d3"
      }
    ]
  },
  "scale": 1.0,
  "delta": {
    "bands": [
      {
        "status": "missing",
        "a": {
          "top": 0,
          "height": 40,
          "gap_above": 0,
          "edge": "#eae9e9",
          "colour": "#eae9e9"
        },
        "b": null
      },
      {
        "status": "paired",
        "a": {
          "top": 92,
          "height": 16,
          "gap_above": 52,
          "edge": "#201e1d",
          "colour": "#201e1d"
        },
        "b": {
          "top": 86,
          "height": 16,
          "gap_above": 86,
          "edge": "#201e1d",
          "colour": "#201e1d"
        },
        "gap_above": {
          "a": 52,
          "a_scaled": 52.0,
          "b": 86,
          "abs": 34.0,
          "pct": 65.4
        },
        "since_pair": {
          "a": 92,
          "a_scaled": 92.0,
          "b": 86,
          "abs": -6.0,
          "pct": -6.5
        },
        "height": {
          "a": 16,
          "a_scaled": 16.0,
          "b": 16,
          "abs": 0.0,
          "pct": 0.0
        },
        "edge": {
          "a": "#201e1d",
          "b": "#201e1d",
          "distance": 0.0
        },
        "colour": {
          "a": "#201e1d",
          "b": "#201e1d",
          "distance": 0.0
        }
      },
      {
        "status": "missing",
        "a": {
          "top": 120,
          "height": 2,
          "gap_above": 12,
          "edge": "#d7d3d3",
          "colour": "#d7d3d3"
        },
        "b": null
      },
      {
        "status": "paired",
        "a": {
          "top": 134,
          "height": 16,
          "gap_above": 12,
          "edge": "#201e1d",
          "colour": "#201e1d"
        },
        "b": {
          "top": 116,
          "height": 16,
          "gap_above": 14,
          "edge": "#201e1d",
          "colour": "#201e1d"
        },
        "gap_above": {
          "a": 12,
          "a_scaled": 12.0,
          "b": 14,
          "abs": 2.0,
          "pct": 16.7
        },
        "since_pair": {
          "a": 26,
          "a_scaled": 26.0,
          "b": 14,
          "abs": -12.0,
          "pct": -46.2
        },
        "height": {
          "a": 16,
          "a_scaled": 16.0,
          "b": 16,
          "abs": 0.0,
          "pct": 0.0
        },
        "edge": {
          "a": "#201e1d",
          "b": "#201e1d",
          "distance": 0.0
        },
        "colour": {
          "a": "#201e1d",
          "b": "#201e1d",
          "distance": 0.0
        }
      },
      {
        "status": "missing",
        "a": {
          "top": 162,
          "height": 2,
          "gap_above": 12,
          "edge": "#d7d3d3",
          "colour": "#d7d3d3"
        },
        "b": null
      },
      {
        "status": "paired",
        "a": {
          "top": 176,
          "height": 16,
          "gap_above": 12,
          "edge": "#201e1d",
          "colour": "#201e1d"
        },
        "b": {
          "top": 146,
          "height": 16,
          "gap_above": 14,
          "edge": "#201e1d",
          "colour": "#201e1d"
        },
        "gap_above": {
          "a": 12,
          "a_scaled": 12.0,
          "b": 14,
          "abs": 2.0,
          "pct": 16.7
        },
        "since_pair": {
          "a": 26,
          "a_scaled": 26.0,
          "b": 14,
          "abs": -12.0,
          "pct": -46.2
        },
        "height": {
          "a": 16,
          "a_scaled": 16.0,
          "b": 16,
          "abs": 0.0,
          "pct": 0.0
        },
        "edge": {
          "a": "#201e1d",
          "b": "#201e1d",
          "distance": 0.0
        },
        "colour": {
          "a": "#201e1d",
          "b": "#201e1d",
          "distance": 0.0
        }
      },
      {
        "status": "missing",
        "a": {
          "top": 204,
          "height": 2,
          "gap_above": 12,
          "edge": "#d7d3d3",
          "colour": "#d7d3d3"
        },
        "b": null
      },
      {
        "status": "paired",
        "a": {
          "top": 246,
          "height": 48,
          "gap_above": 40,
          "edge": "#0088b0",
          "colour": "#0088b0"
        },
        "b": {
          "top": 210,
          "height": 48,
          "gap_above": 48,
          "edge": "#d7d3d3",
          "colour": "#d7d3d3"
        },
        "gap_above": {
          "a": 40,
          "a_scaled": 40.0,
          "b": 48,
          "abs": 8.0,
          "pct": 20.0
        },
        "since_pair": {
          "a": 54,
          "a_scaled": 54.0,
          "b": 48,
          "abs": -6.0,
          "pct": -11.1
        },
        "height": {
          "a": 48,
          "a_scaled": 48.0,
          "b": 48,
          "abs": 0.0,
          "pct": 0.0
        },
        "edge": {
          "a": "#0088b0",
          "b": "#d7d3d3",
          "distance": 230.4
        },
        "colour": {
          "a": "#0088b0",
          "b": "#d7d3d3",
          "distance": 230.4
        }
      }
    ],
    "bands_summary": {
      "paired": 4,
      "missing": 4,
      "extra": 0
    },
    "background": {
      "a": "#f3f2f2",
      "b": "#f3f2f2",
      "distance": 0.0
    }
  }
}
