["--scale", "1", "--props", "box", "--region-a", "20,10,110,85", "--region-b", "20,10,110,85", "card-frame.png", "--", "card-capture.png"]
0
{
  "a": {
    "background": "#f3f2f2",
    "box": {
      "left": 10,
      "right": 89,
      "top": 10,
      "bottom": 69,
      "width": 80,
      "height": 60
    }
  },
  "b": {
    "background": "#f3f2f2",
    "box": {
      "left": 10,
      "right": 89,
      "top": 10,
      "bottom": 69,
      "width": 80,
      "height": 60
    }
  },
  "scale": 1.0,
  "delta": {
    "background": {
      "a": "#f3f2f2",
      "b": "#f3f2f2",
      "distance": 0.0
    },
    "box.left": {
      "a": 10,
      "a_scaled": 10.0,
      "b": 10,
      "abs": 0.0,
      "pct": 0.0
    },
    "box.right": {
      "a": 89,
      "a_scaled": 89.0,
      "b": 89,
      "abs": 0.0,
      "pct": 0.0
    },
    "box.top": {
      "a": 10,
      "a_scaled": 10.0,
      "b": 10,
      "abs": 0.0,
      "pct": 0.0
    },
    "box.bottom": {
      "a": 69,
      "a_scaled": 69.0,
      "b": 69,
      "abs": 0.0,
      "pct": 0.0
    },
    "box.width": {
      "a": 80,
      "a_scaled": 80.0,
      "b": 80,
      "abs": 0.0,
      "pct": 0.0
    },
    "box.height": {
      "a": 60,
      "a_scaled": 60.0,
      "b": 60,
      "abs": 0.0,
      "pct": 0.0
    }
  }
}
