["--props=box,fill", "--edge=24", "card-frame.png", "--noise", "4.5", "--region-a", "0,0,1,1", "--region-a=20,10,110,85", "--edge", "30"]
0
{
  "a": {
    "background": "#f3f2f2",
    "box": {
      "left": 10,
      "right": 89,
      "top": 10,
      "bottom": 69,
      "width": 80,
      "height": 60
    },
    "fill": {
      "colour": "#ffffff",
      "share": 0.8
    }
  }
}
