["icon-blue.png", "icon-grey.png", "--scale=-nan", "--props", "box"]
0
{
  "a": {
    "background": "#eae9e9",
    "box": {
      "left": 16,
      "right": 63,
      "top": 16,
      "bottom": 63,
      "width": 48,
      "height": 48
    }
  },
  "b": {
    "background": "#eae9e9",
    "box": {
      "left": 16,
      "right": 63,
      "top": 16,
      "bottom": 63,
      "width": 48,
      "height": 48
    }
  },
  "scale": NaN,
  "delta": {
    "background": {
      "a": "#eae9e9",
      "b": "#eae9e9",
      "distance": 0.0
    },
    "box.left": {
      "a": 16,
      "a_scaled": NaN,
      "b": 16,
      "abs": NaN,
      "pct": NaN
    },
    "box.right": {
      "a": 63,
      "a_scaled": NaN,
      "b": 63,
      "abs": NaN,
      "pct": NaN
    },
    "box.top": {
      "a": 16,
      "a_scaled": NaN,
      "b": 16,
      "abs": NaN,
      "pct": NaN
    },
    "box.bottom": {
      "a": 63,
      "a_scaled": NaN,
      "b": 63,
      "abs": NaN,
      "pct": NaN
    },
    "box.width": {
      "a": 48,
      "a_scaled": NaN,
      "b": 48,
      "abs": NaN,
      "pct": NaN
    },
    "box.height": {
      "a": 48,
      "a_scaled": NaN,
      "b": 48,
      "abs": NaN,
      "pct": NaN
    }
  }
}
